Microchip MPLAB XC8 Compiler V2.41

Linker command line:

-W-3 \
  --edf=C:\Program Files\Microchip\xc8\v2.41\pic\dat\20230208172133_en.msgs \
  -cn -h+dist/default/production\car_black_box.X.production.sym \
  --cmf=dist/default/production\car_black_box.X.production.cmf -z -Q18F4580 \
  -oC:\Users\Dell\AppData\Local\Temp\xcAsn54.\driver_tmp_3.o \
  --defsym=__MPLAB_BUILD=1 --fixupoverflow=error \
  -Mdist/default/production/car_black_box.X.production.map \
  --md=C:\Users\Dell\AppData\Local\Temp\xcAsn54.\driver_tmp_0.dat -E1 \
  -ver=XC8 Compiler --acfsm=1493 -ACODE=00h-07FFFh -ACONST=00h-07FFFh \
  -ASMALLCONST=0600h-06FFhx122 -AMEDIUMCONST=0600h-07FFFh -ACOMRAM=01h-05Fh \
  -AABS1=00h-05FFh -ABIGRAM=01h-05FFh -ARAM=060h-0FFh,0100h-01FFhx5 \
  -ABANK0=060h-0FFh -ABANK1=0100h-01FFh -ABANK2=0200h-02FFh \
  -ABANK3=0300h-03FFh -ABANK4=0400h-04FFh -ABANK5=0500h-05FFh \
  -ASFR=0D00h-0DFFhx2,0F00h-0F5Fh,0F60h-0FFFh -ABIGSFR=0D00h-0FFFh \
  -ACONFIG=0300000h-030000Dh -AIDLOC=0200000h-0200007h \
  -AEEDATA=0F00000h-0F000FFh -peeprom_data=EEDATA \
  -preset_vec=00h,intcode,intcodelo,powerup,init -pramtop=0600h \
  -psmallconst=SMALLCONST -pmediumconst=MEDIUMCONST -pconst=CONST \
  -AFARRAM=00h-00h \
  -prdata=COMRAM,nvrram=COMRAM,nvbit=COMRAM,rbss=COMRAM,rbit=COMRAM \
  -pfarbss=FARRAM,fardata=FARRAM,nvFARRAM=FARRAM \
  -pintsave_regs=BIGRAM,bigbss=BIGRAM,bigdata=BIGRAM -pbss=RAM \
  -pidata=CODE,irdata=CODE,ibigdata=CODE,ifardata=CODE -prparam=COMRAM \
  C:\Users\Dell\AppData\Local\Temp\xcAsn54.\driver_tmp_9.o \
  dist/default/production\car_black_box.X.production.o 

Object code version is 3.11

Machine type is 18F4580



                Name                               Link     Load   Length Selector   Space Scale
C:\Users\Dell\AppData\Local\Temp\xcAsn54.\driver_tmp_9.o
                idloc                            200000   200000        8        0       5
                config                           300000   300000        E        0       4
                init                                  0        0        4        0       0
dist/default/production\car_black_box.X.production.o
                idloc                            200000   200000        8        0       5
                config                           300000   300000        E        0       4
                smallconst                          600      600       B2      300       0
                text20                             1598     1598       3A      359       0
                text19                             1554     1554       44      359       0
                text18                              EEA      EEA      108      359       0
                text17                             13BC     13BC       76      359       0
                text16                             10F8     10F8       E2      359       0
                text15                              6B2      6B2      39A      359       0
                text14                              FF2      FF2      106      359       0
                text13                             1432     1432       74      359       0
                text12                             14A6     14A6       64      359       0
                text11                              D36      D36      1B4      359       0
                text10                             163E     163E       18      359       0
                text9                              150A     150A       4A      359       0
                text8                              128A     128A       9A      359       0
                text7                              1624     1624       1A      359       0
                text6                              1602     1602       22      359       0
                text5                              166E     166E       16      B37       0
                text4                              11DA     11DA       B0      359       0
                text3                              1692     1692        8      B37       0
                text2                              1684     1684        E      B37       0
                text1                               A4C      A4C      2EA      359       0
                text0                              1324     1324       98      359       0
                cstackCOMRAM                          1        1       3C        1       1
                dataCOMRAM                           3D       3D       17        1       1
                bssCOMRAM                            54       54        1        1       1
                cinit                              15D2     15D2       30      359       0
                idataCOMRAM                        1656     1656       17      359       0

TOTAL           Name                               Link     Load   Length     Space
        CLASS   CODE           
                init                                  0        0        4         0
                text20                             1598     1598       3A         0
                text19                             1554     1554       44         0
                text18                              EEA      EEA      108         0
                text17                             13BC     13BC       76         0
                text16                             10F8     10F8       E2         0
                text15                              6B2      6B2      39A         0
                text14                              FF2      FF2      106         0
                text13                             1432     1432       74         0
                text12                             14A6     14A6       64         0
                text11                              D36      D36      1B4         0
                text10                             163E     163E       18         0
                text9                              150A     150A       4A         0
                text8                              128A     128A       9A         0
                text7                              1624     1624       1A         0
                text6                              1602     1602       22         0
                text5                              166E     166E       16         0
                text4                              11DA     11DA       B0         0
                text3                              1692     1692        8         0
                text2                              1684     1684        E         0
                text1                               A4C      A4C      2EA         0
                text0                              1324     1324       98         0
                cinit                              15D2     15D2       30         0
                idataCOMRAM                        1656     1656       17         0

        CLASS   CONST          

        CLASS   SMALLCONST     
                smallconst                          600      600       B2         0

        CLASS   MEDIUMCONST    

        CLASS   COMRAM         
                cstackCOMRAM                          1        1       3C         1
                dataCOMRAM                           3D       3D       17         1
                bssCOMRAM                            54       54        1         1

        CLASS   ABS1           

        CLASS   BIGRAM         

        CLASS   RAM            

        CLASS   BANK0          

        CLASS   BANK1          

        CLASS   BANK2          

        CLASS   BANK3          

        CLASS   BANK4          

        CLASS   BANK5          

        CLASS   SFR            

        CLASS   BIGSFR         

        CLASS   CONFIG         
                config                           300000   300000        E         4

        CLASS   IDLOC          
                idloc                            200000   200000        8         5

        CLASS   EEDATA         

        CLASS   FARRAM         

        CLASS   HEAP           

        CLASS   STACK          



SEGMENTS        Name                           Load    Length   Top    Selector   Space  Class

                reset_vec                      000000  000004  000004         0       0  CODE    
                cstackCOMRAM                   000001  000054  000055         1       1  COMRAM  
                smallconst                     000600  0000B2  0006B2       300       0  SMALLCON
                text15                         0006B2  000FBB  00166D       359       0  CODE    
                text5                          00166E  00002C  00169A       B37       0  CODE    


UNUSED ADDRESS RANGES

        Name                Unused          Largest block    Delta
        BANK0            000060-0000FF               A0
        BANK1            000100-0001FF              100
        BANK2            000200-0002FF              100
        BANK3            000300-0003FF              100
        BANK4            000400-0004FF              100
        BANK5            000500-0005FF              100
        BIGRAM           000055-0005FF              5AB
        BIGSFR           000D00-000FFF              300
        CODE             000004-0005FF              5FC
                         00166D-00166D                1
                         00169A-007FFF             6966
        COMRAM           000055-00005F                B
        CONST            000004-0005FF              5FC
                         00166D-00166D                1
                         00169A-007FFF             6966
        EEDATA           F00000-F000FF              100
        MEDIUMCONST      00166D-00166D                1
                         00169A-007FFF             6966
        RAM              000060-0005FF              100
        SFR              000D00-000FFF              100
        SMALLCONST       00166D-00166D                1
                         00169A-007FFF              100

                                  Symbol Table

?___fldiv                       cstackCOMRAM 000017
?___fltol                       cstackCOMRAM 000030
?___lwdiv                       cstackCOMRAM 000001
?___lwmod                       cstackCOMRAM 000001
?___xxtofl                      cstackCOMRAM 000009
?_read_adc                      cstackCOMRAM 000001
_ACQT0                          (abs)        007E03
_ACQT1                          (abs)        007E04
_ACQT2                          (abs)        007E05
_ADCON0                         (abs)        000FC2
_ADFM                           (abs)        007E07
_ADON                           (abs)        007E10
_ADRESH                         (abs)        000FC4
_ADRESL                         (abs)        000FC3
_GO                             (abs)        007E11
_PCFG0                          (abs)        007E08
_PCFG1                          (abs)        007E09
_PCFG2                          (abs)        007E0A
_PCFG3                          (abs)        007E0B
_PORTD                          (abs)        000F83
_RB1                            (abs)        007C09
_RB2                            (abs)        007C0A
_RB3                            (abs)        007C0B
_RB4                            (abs)        007C0C
_RB5                            (abs)        007C0D
_RB6                            (abs)        007C0E
_RB7                            (abs)        007C0F
_RBPU                           (abs)        007F8F
_RC0                            (abs)        007C10
_RC1                            (abs)        007C11
_RC2                            (abs)        007C12
_RD7                            (abs)        007C1F
_TRISB                          (abs)        000F93
_TRISC                          (abs)        000F94
_TRISD                          (abs)        000F95
_TRISD7                         (abs)        007CAF
_VCFG0                          (abs)        007E0C
_VCFG1                          (abs)        007E0D
__HRAM                          (abs)        000000
__H__absolute__                 __absolute__ 000000
__Habs1                         abs1         000000
__Hbank0                        bank0        000000
__Hbank1                        bank1        000000
__Hbank2                        bank2        000000
__Hbank3                        bank3        000000
__Hbank4                        bank4        000000
__Hbank5                        bank5        000000
__Hbigbss                       bigbss       000000
__Hbigdata                      bigdata      000000
__Hbigram                       bigram       000000
__Hbigsfr                       bigsfr       000000
__Hbss                          bss          000000
__HbssCOMRAM                    bssCOMRAM    000000
__Hcinit                        cinit        000000
__Hclrtext                      clrtext      000000
__Hcomram                       comram       000000
__Hconfig                       config       30000E
__Hconst                        const        000000
__HcstackCOMRAM                 cstackCOMRAM 000000
__Hdata                         data         000000
__HdataCOMRAM                   dataCOMRAM   000000
__Heeprom_data                  eeprom_data  000000
__Hfarbss                       farbss       000000
__Hfardata                      fardata      000000
__Hheap                         heap         000000
__Hibigdata                     ibigdata     000000
__Hidata                        idata        000000
__HidataCOMRAM                  idataCOMRAM  000000
__Hidloc                        idloc        200008
__Hifardata                     ifardata     000000
__Hinit                         init         000004
__Hintcode                      intcode      000000
__Hintcode_body                 intcode_body 000000
__Hintcodelo                    intcodelo    000000
__Hintentry                     intentry     000000
__Hintret                       intret       000000
__Hintsave_regs                 intsave_regs 000000
__Hirdata                       irdata       000000
__Hmediumconst                  mediumconst  000000
__HnvFARRAM                     nvFARRAM     000000
__Hnvbit                        nvbit        000000
__Hnvrram                       nvrram       000000
__Hparam                        rparam       000000
__Hpowerup                      powerup      000000
__Hram                          ram          000000
__Hramtop                       ramtop       000600
__Hrbit                         rbit         000000
__Hrbss                         rbss         000000
__Hrdata                        rdata        000000
__Hreset_vec                    reset_vec    000000
__Hrparam                       rparam       000000
__Hsfr                          sfr          000000
__Hsmallconst                   smallconst   0006B2
__Hspace_0                      (abs)        00169A
__Hspace_1                      (abs)        000055
__Hspace_2                      (abs)        000000
__Hspace_4                      (abs)        60000E
__Hstack                        stack        000000
__Hstruct                       struct       000000
__Htemp                         temp         000000
__Htext                         text         000000
__Htext0                        text0        000000
__Htext1                        text1        000000
__Htext10                       text10       000000
__Htext11                       text11       000000
__Htext12                       text12       000000
__Htext13                       text13       000000
__Htext14                       text14       000000
__Htext15                       text15       000000
__Htext16                       text16       000000
__Htext17                       text17       000000
__Htext18                       text18       000000
__Htext19                       text19       000000
__Htext2                        text2        000000
__Htext20                       text20       000000
__Htext3                        text3        000000
__Htext4                        text4        000000
__Htext5                        text5        000000
__Htext6                        text6        000000
__Htext7                        text7        000000
__Htext8                        text8        000000
__Htext9                        text9        000000
__LRAM                          (abs)        000001
__L__absolute__                 __absolute__ 000000
__Labs1                         abs1         000000
__Lbank0                        bank0        000000
__Lbank1                        bank1        000000
__Lbank2                        bank2        000000
__Lbank3                        bank3        000000
__Lbank4                        bank4        000000
__Lbank5                        bank5        000000
__Lbigbss                       bigbss       000000
__Lbigdata                      bigdata      000000
__Lbigram                       bigram       000000
__Lbigsfr                       bigsfr       000000
__Lbss                          bss          000000
__LbssCOMRAM                    bssCOMRAM    000000
__Lcinit                        cinit        000000
__Lclrtext                      clrtext      000000
__Lcomram                       comram       000000
__Lconfig                       config       000000
__Lconst                        const        000000
__LcstackCOMRAM                 cstackCOMRAM 000000
__Ldata                         data         000000
__LdataCOMRAM                   dataCOMRAM   000000
__Leeprom_data                  eeprom_data  000000
__Lfarbss                       farbss       000000
__Lfardata                      fardata      000000
__Lheap                         heap         000000
__Libigdata                     ibigdata     000000
__Lidata                        idata        000000
__LidataCOMRAM                  idataCOMRAM  000000
__Lidloc                        idloc        000000
__Lifardata                     ifardata     000000
__Linit                         init         000000
__Lintcode                      intcode      000000
__Lintcode_body                 intcode_body 000000
__Lintcodelo                    intcodelo    000000
__Lintentry                     intentry     000000
__Lintret                       intret       000000
__Lintsave_regs                 intsave_regs 000000
__Lirdata                       irdata       000000
__Lmediumconst                  mediumconst  000000
__LnvFARRAM                     nvFARRAM     000000
__Lnvbit                        nvbit        000000
__Lnvrram                       nvrram       000000
__Lparam                        rparam       000000
__Lpowerup                      powerup      000000
__Lram                          ram          000000
__Lramtop                       ramtop       000600
__Lrbit                         rbit         000000
__Lrbss                         rbss         000000
__Lrdata                        rdata        000000
__Lreset_vec                    reset_vec    000000
__Lrparam                       rparam       000000
__Lsfr                          sfr          000000
__Lsmallconst                   smallconst   000600
__Lspace_0                      (abs)        000000
__Lspace_1                      (abs)        000000
__Lspace_2                      (abs)        000000
__Lspace_4                      (abs)        000000
__Lstack                        stack        000000
__Lstruct                       struct       000000
__Ltemp                         temp         000000
__Ltext                         text         000000
__Ltext0                        text0        000000
__Ltext1                        text1        000000
__Ltext10                       text10       000000
__Ltext11                       text11       000000
__Ltext12                       text12       000000
__Ltext13                       text13       000000
__Ltext14                       text14       000000
__Ltext15                       text15       000000
__Ltext16                       text16       000000
__Ltext17                       text17       000000
__Ltext18                       text18       000000
__Ltext19                       text19       000000
__Ltext2                        text2        000000
__Ltext20                       text20       000000
__Ltext3                        text3        000000
__Ltext4                        text4        000000
__Ltext5                        text5        000000
__Ltext6                        text6        000000
__Ltext7                        text7        000000
__Ltext8                        text8        000000
__Ltext9                        text9        000000
__S0                            (abs)        00169A
__S1                            (abs)        000055
__S4                            (abs)        000000
__S5                            (abs)        000000
___fldiv                        text15       0006B2
___fldiv@a                      cstackCOMRAM 00001B
___fldiv@aexp                   cstackCOMRAM 00002F
___fldiv@b                      cstackCOMRAM 000017
___fldiv@bexp                   cstackCOMRAM 00002E
___fldiv@grs                    cstackCOMRAM 00002A
___fldiv@new_exp                cstackCOMRAM 000028
___fldiv@rem                    cstackCOMRAM 000023
___fldiv@sign                   cstackCOMRAM 000027
___fltol                        text14       000FF2
___fltol@exp1                   cstackCOMRAM 000039
___fltol@f1                     cstackCOMRAM 000030
___fltol@sign1                  cstackCOMRAM 000038
___heap_hi                      (abs)        000000
___heap_lo                      (abs)        000000
___inthi_sp                     stack        000000
___intlo_sp                     stack        000000
___lwdiv                        text13       001432
___lwdiv@counter                cstackCOMRAM 000007
___lwdiv@dividend               cstackCOMRAM 000001
___lwdiv@divisor                cstackCOMRAM 000003
___lwdiv@quotient               cstackCOMRAM 000005
___lwmod                        text12       0014A6
___lwmod@counter                cstackCOMRAM 000005
___lwmod@dividend               cstackCOMRAM 000001
___lwmod@divisor                cstackCOMRAM 000003
___param_bank                   (abs)        000000
___rparam_used                  (abs)        000001
___sp                           stack        000000
___xxtofl                       text11       000D36
___xxtofl@arg                   cstackCOMRAM 000013
___xxtofl@exp                   cstackCOMRAM 000012
___xxtofl@sign                  cstackCOMRAM 000011
___xxtofl@val                   cstackCOMRAM 000009
__accesstop                     (abs)        000060
__activetblptr                  (abs)        000001
__end_of___fldiv                text15       000A4C
__end_of___fltol                text14       0010F8
__end_of___lwdiv                text13       0014A6
__end_of___lwmod                text12       00150A
__end_of___xxtofl               text11       000EEA
__end_of__initialization        cinit        0015F4
__end_of_clcd_print             text19       001598
__end_of_clcd_putch             text10       001656
__end_of_clcd_write             text20       0015D2
__end_of_display_default_screen text7        00163E
__end_of_display_menu_screen    text6        001624
__end_of_display_signature      text16       0011DA
__end_of_display_speed          text8        001324
__end_of_init_adc               text5        001684
__end_of_init_clcd              text4        00128A
__end_of_init_configure         text2        001692
__end_of_init_matrix_keypad     text3        00169A
__end_of_login_screen           text1        000D36
__end_of_main                   text0        0013BC
__end_of_read_adc               text9        001554
__end_of_read_matrix_keypad     text17       001432
__end_of_scan_key               text18       000FF2
__initialization                cinit        0015D2
__mediumconst                   mediumconst  000000
__pbssCOMRAM                    bssCOMRAM    000054
__pcinit                        cinit        0015D2
__pcstackCOMRAM                 cstackCOMRAM 000001
__pdataCOMRAM                   dataCOMRAM   00003D
__pidataCOMRAM                  idataCOMRAM  001656
__psmallconst                   smallconst   000600
__ptext0                        text0        001324
__ptext1                        text1        000A4C
__ptext10                       text10       00163E
__ptext11                       text11       000D36
__ptext12                       text12       0014A6
__ptext13                       text13       001432
__ptext14                       text14       000FF2
__ptext15                       text15       0006B2
__ptext16                       text16       0010F8
__ptext17                       text17       0013BC
__ptext18                       text18       000EEA
__ptext19                       text19       001554
__ptext2                        text2        001684
__ptext20                       text20       001598
__ptext3                        text3        001692
__ptext4                        text4        0011DA
__ptext5                        text5        00166E
__ptext6                        text6        001602
__ptext7                        text7        001624
__ptext8                        text8        00128A
__ptext9                        text9        00150A
__ramtop                        ramtop       000600
__smallconst                    smallconst   000600
_clcd_print                     text19       001554
_clcd_putch                     text10       00163E
_clcd_write                     text20       001598
_control_flag                   bssCOMRAM    000054
_display_default_screen         text7        001624
_display_menu_screen            text6        001602
_display_signature              text16       0010F8
_display_speed                  text8        00128A
_init_adc                       text5        00166E
_init_clcd                      text4        0011DA
_init_configure                 text2        001684
_init_matrix_keypad             text3        001692
_login_screen                   text1        000A4C
_main                           text0        001324
_read_adc                       text9        00150A
_read_matrix_keypad             text17       0013BC
_scan_key                       text18       000EEA
_signature                      dataCOMRAM   00003D
clcd_print@addr                 cstackCOMRAM 000005
clcd_print@data                 cstackCOMRAM 000003
clcd_putch@addr                 cstackCOMRAM 000008
clcd_putch@data                 cstackCOMRAM 000009
clcd_write@byte                 cstackCOMRAM 000002
clcd_write@control_bit          cstackCOMRAM 000001
display_signature@gear          dataCOMRAM   000051
display_signature@gear_key      cstackCOMRAM 000007
display_speed@speed             cstackCOMRAM 00003A
end_of_initialization           cinit        0015F4
intlevel0                       text         000000
intlevel1                       text         000000
intlevel2                       text         000000
intlevel3                       text         000000
isa$std                         (abs)        000001
isa$xinst                       (abs)        000000
login_screen@F10491             dataCOMRAM   00004D
login_screen@chance             cstackCOMRAM 000023
login_screen@check              cstackCOMRAM 000021
login_screen@count              cstackCOMRAM 000025
login_screen@cursor_flag        cstackCOMRAM 000020
login_screen@enter              cstackCOMRAM 00001B
login_screen@i                  cstackCOMRAM 00001C
login_screen@i_194              cstackCOMRAM 000015
login_screen@pass_key           cstackCOMRAM 000024
login_screen@password           cstackCOMRAM 00000C
login_screen@success            cstackCOMRAM 00001E
login_screen@user_in            cstackCOMRAM 000010
login_screen@wait               cstackCOMRAM 000019
main@key                        cstackCOMRAM 00003C
read_adc@channel                cstackCOMRAM 000008
read_matrix_keypad@detection    cstackCOMRAM 000001
read_matrix_keypad@key          cstackCOMRAM 000002
read_matrix_keypad@once         dataCOMRAM   000053
stackhi                         (abs)        000000
stacklo                         (abs)        000000
start                           init         000000
start_initialization            cinit        0015D2


MODULE INFORMATION

Module		Function		Class		Link	Load	Size
car_black_box.c
		_init_matrix_keypad		CODE           	1692	0000	8
		_clcd_write    		CODE           	1598	0000	58
		_read_matrix_keypad		CODE           	13BC	0000	118
		_display_speed 		CODE           	128A	0000	154
		_display_menu_screen		CODE           	1602	0000	34
		_display_default_screen		CODE           	1624	0000	26
		_display_signature		CODE           	10F8	0000	226
		_init_adc      		CODE           	166E	0000	22
		_clcd_print    		CODE           	1554	0000	68
		_clcd_putch    		CODE           	163E	0000	24
		_scan_key      		CODE           	0EEA	0000	264
		_read_adc      		CODE           	150A	0000	74
		_init_clcd     		CODE           	11DA	0000	176
		_login_screen  		CODE           	0A4C	0000	746

car_black_box.c estimated size: 1998

C:\Program Files\Microchip\xc8\v2.41\pic\sources\c99\common\fltol.c
		___fltol       		CODE           	0FF2	0000	262

C:\Program Files\Microchip\xc8\v2.41\pic\sources\c99\common\fltol.c estimated size: 262

C:\Program Files\Microchip\xc8\v2.41\pic\sources\c99\common\xxtofl.c
		___xxtofl      		CODE           	0D36	0000	436

C:\Program Files\Microchip\xc8\v2.41\pic\sources\c99\common\xxtofl.c estimated size: 436

C:\Program Files\Microchip\xc8\v2.41\pic\sources\c99\common\lwdiv.c
		___lwdiv       		CODE           	1432	0000	116

C:\Program Files\Microchip\xc8\v2.41\pic\sources\c99\common\lwdiv.c estimated size: 116

shared
		__initialization		CODE           	15D2	0000	34

shared estimated size: 34

main.c
		_init_configure		CODE           	1684	0000	14
		_main          		CODE           	1324	0000	152

main.c estimated size: 166

C:\Program Files\Microchip\xc8\v2.41\pic\sources\c99\common\sprcdiv.c
		___fldiv       		CODE           	06B2	0000	922

C:\Program Files\Microchip\xc8\v2.41\pic\sources\c99\common\sprcdiv.c estimated size: 922

C:\Program Files\Microchip\xc8\v2.41\pic\sources\c99\common\lwmod.c
		___lwmod       		CODE           	14A6	0000	100

C:\Program Files\Microchip\xc8\v2.41\pic\sources\c99\common\lwmod.c estimated size: 100

